{"timestamp":"2026-06-14T16:59:43.499605Z","level":"info","event":"::group::Pre Execute","logger":"task","filename":"task_runner.py","lineno":1926}
{"timestamp":"2026-06-14T16:59:44.054850Z","level":"info","event":"::group::Pre Execute","logger":"task","filename":"task_runner.py","lineno":1926}
{"timestamp":"2026-06-14T16:59:44.590958Z","level":"info","event":"::group::Pre Execute","logger":"task","filename":"task_runner.py","lineno":1926}
{"timestamp":"2026-06-14T17:02:35.015589Z","level":"info","event":"::group::Pre Execute","logger":"task","filename":"task_runner.py","lineno":1926}
{"timestamp":"2026-06-14T17:03:28.291020Z","level":"info","event":"DAG bundles loaded: dags-folder, example_dags","try_number":1,"run_id":"scheduled__2026-06-14T00:00:00+00:00","ti_id":"019ec715-971a-7375-af93-eff979c551dd","dag_id":"weather_etl_pipeline","task_id":"extract_task","map_index":-1,"logger":"airflow.dag_processing.bundles.manager.DagBundlesManager","filename":"manager.py","lineno":209}
{"timestamp":"2026-06-14T17:03:28.450464Z","level":"info","event":"Filling up the DagBag from /opt/airflow/dags/weather_etl_dag.py","try_number":1,"run_id":"scheduled__2026-06-14T00:00:00+00:00","ti_id":"019ec715-971a-7375-af93-eff979c551dd","dag_id":"weather_etl_pipeline","task_id":"extract_task","map_index":-1,"logger":"airflow.dag_processing.dagbag.BundleDagBag","filename":"dagbag.py","lineno":469}
{"timestamp":"2026-06-14T17:03:30.182953Z","level":"warning","event":"The `airflow.decorators.dag` attribute is deprecated. Please use `'airflow.sdk.dag'`.","category":"UserWarning","filename":"/opt/airflow/dags/weather_etl_dag.py","lineno":5,"try_number":1,"run_id":"scheduled__2026-06-14T00:00:00+00:00","ti_id":"019ec715-971a-7375-af93-eff979c551dd","dag_id":"weather_etl_pipeline","task_id":"extract_task","map_index":-1,"logger":"py.warnings"}
{"timestamp":"2026-06-14T17:03:30.211606Z","level":"warning","event":"The `airflow.decorators.task` attribute is deprecated. Please use `'airflow.sdk.task'`.","category":"UserWarning","filename":"/opt/airflow/dags/weather_etl_dag.py","lineno":5,"try_number":1,"run_id":"scheduled__2026-06-14T00:00:00+00:00","ti_id":"019ec715-971a-7375-af93-eff979c551dd","dag_id":"weather_etl_pipeline","task_id":"extract_task","map_index":-1,"logger":"py.warnings"}
{"timestamp":"2026-06-14T17:03:33.434829Z","level":"info","event":"Task instance is in running state","logger":"task.stdout"}
{"timestamp":"2026-06-14T17:03:33.465273Z","level":"info","event":" Previous state of the Task instance: TaskInstanceState.QUEUED","logger":"task.stdout"}
{"timestamp":"2026-06-14T17:03:33.488265Z","level":"info","event":"Current task name:extract_task","logger":"task.stdout"}
{"timestamp":"2026-06-14T17:03:33.502663Z","level":"info","event":"Dag name:weather_etl_pipeline","logger":"task.stdout"}
{"timestamp":"2026-06-14T17:03:33.387648Z","level":"info","event":"::endgroup::","try_number":1,"run_id":"scheduled__2026-06-14T00:00:00+00:00","ti_id":"019ec715-971a-7375-af93-eff979c551dd","dag_id":"weather_etl_pipeline","task_id":"extract_task","map_index":-1,"logger":"task","filename":"task_runner.py","lineno":1727}
{"timestamp":"2026-06-14T17:03:39.069037Z","level":"info","event":"Data Jakarta berhasil disimpan ke: data/raw/weather_jakarta_20260614_170338.json","logger":"task.stdout"}
{"timestamp":"2026-06-14T17:03:41.822616Z","level":"info","event":"Data Bandung berhasil disimpan ke: data/raw/weather_bandung_20260614_170341.json","logger":"task.stdout"}
{"timestamp":"2026-06-14T17:03:44.132943Z","level":"info","event":"Data Surabaya berhasil disimpan ke: data/raw/weather_surabaya_20260614_170343.json","logger":"task.stdout"}
{"timestamp":"2026-06-14T17:03:46.947234Z","level":"info","event":"Data Medan berhasil disimpan ke: data/raw/weather_medan_20260614_170346.json","logger":"task.stdout"}
{"timestamp":"2026-06-14T17:03:50.141500Z","level":"info","event":"Data Makassar berhasil disimpan ke: data/raw/weather_makassar_20260614_170349.json","logger":"task.stdout"}
{"timestamp":"2026-06-14T17:03:50.196107Z","level":"info","event":"Done. Returned value was: None","try_number":1,"run_id":"scheduled__2026-06-14T00:00:00+00:00","ti_id":"019ec715-971a-7375-af93-eff979c551dd","dag_id":"weather_etl_pipeline","task_id":"extract_task","map_index":-1,"logger":"airflow.task.operators.airflow.providers.standard.decorators.python._PythonDecoratedOperator","filename":"python.py","lineno":233}
{"timestamp":"2026-06-14T17:03:50.200307Z","level":"info","event":"::group::Post Execute","try_number":1,"run_id":"scheduled__2026-06-14T00:00:00+00:00","ti_id":"019ec715-971a-7375-af93-eff979c551dd","dag_id":"weather_etl_pipeline","task_id":"extract_task","map_index":-1,"logger":"task","filename":"task_runner.py","lineno":1288}
{"timestamp":"2026-06-14T17:03:51.742670Z","level":"info","event":"Task instance in success state","logger":"task.stdout"}
{"timestamp":"2026-06-14T17:03:51.758060Z","level":"info","event":" Previous state of the Task instance: TaskInstanceState.RUNNING","logger":"task.stdout"}
{"timestamp":"2026-06-14T17:03:51.766687Z","level":"info","event":"Task operator:<Task(_PythonDecoratedOperator): extract_task>","logger":"task.stdout"}
{"timestamp":"2026-06-14T17:03:51.746598Z","level":"info","event":"::endgroup::","try_number":1,"run_id":"scheduled__2026-06-14T00:00:00+00:00","ti_id":"019ec715-971a-7375-af93-eff979c551dd","dag_id":"weather_etl_pipeline","task_id":"extract_task","map_index":-1,"logger":"task","filename":"task_runner.py","lineno":1896}
